<testsuites name="jest tests" tests="0" failures="0" time="4.293">
</testsuites>